<testsuites id="" name="" tests="45" failures="0" skipped="45" errors="0" time="0.24423299999999995">
<testsuite name="auth.spec.js" timestamp="2026-05-18T17:22:52.510Z" hostname="chromium" tests="8" failures="0" skipped="8" time="0" errors="0">
<testcase name="User Authentication Flow › TC-001: Login succeeds with valid credentials" classname="auth.spec.js">
<skipped>
</skipped>
</testcase>
<testcase name="User Authentication Flow › TC-002: Login fails with invalid password" classname="auth.spec.js">
<skipped>
</skipped>
</testcase>
<testcase name="User Authentication Flow › TC-003: Login fails with invalid email format" classname="auth.spec.js">
<skipped>
</skipped>
</testcase>
<testcase name="User Authentication Flow › TC-004: Login button stays disabled when password is empty" classname="auth.spec.js">
<skipped>
</skipped>
</testcase>
<testcase name="User Authentication Flow › TC-005: Login button stays disabled when email is empty" classname="auth.spec.js">
<skipped>
</skipped>
</testcase>
<testcase name="User Authentication Flow › TC-006: Login button stays disabled with both fields empty" classname="auth.spec.js">
<skipped>
</skipped>
</testcase>
<testcase name="User Authentication Flow › TC-007: User can navigate to sign up from login page" classname="auth.spec.js">
<skipped>
</skipped>
</testcase>
<testcase name="User Authentication Flow › TC-008: User can login with remember me option checked" classname="auth.spec.js">
<skipped>
</skipped>
</testcase>
</testsuite>
<testsuite name="signup.spec.js" timestamp="2026-05-18T17:22:52.510Z" hostname="chromium" tests="7" failures="0" skipped="7" time="0" errors="0">
<testcase name="User Registration Flow › SC-001: User can successfully signup with valid data" classname="signup.spec.js">
<skipped>
</skipped>
</testcase>
<testcase name="User Registration Flow › SC-002: User cannot signup with mismatched passwords" classname="signup.spec.js">
<skipped>
</skipped>
</testcase>
<testcase name="User Registration Flow › SC-003: User cannot signup without accepting terms" classname="signup.spec.js">
<skipped>
</skipped>
</testcase>
<testcase name="User Registration Flow › SC-004: User cannot signup with invalid email format" classname="signup.spec.js">
<skipped>
</skipped>
</testcase>
<testcase name="User Registration Flow › SC-005: User cannot signup with empty first name" classname="signup.spec.js">
<skipped>
</skipped>
</testcase>
<testcase name="User Registration Flow › SC-006: User cannot signup with empty email" classname="signup.spec.js">
<skipped>
</skipped>
</testcase>
<testcase name="User Registration Flow › SC-007: User can navigate to login from signup page" classname="signup.spec.js">
<skipped>
</skipped>
</testcase>
</testsuite>
<testsuite name="auth.spec.js" timestamp="2026-05-18T17:22:52.510Z" hostname="firefox" tests="8" failures="0" skipped="8" time="0" errors="0">
<testcase name="User Authentication Flow › TC-001: Login succeeds with valid credentials" classname="auth.spec.js">
<skipped>
</skipped>
</testcase>
<testcase name="User Authentication Flow › TC-002: Login fails with invalid password" classname="auth.spec.js">
<skipped>
</skipped>
</testcase>
<testcase name="User Authentication Flow › TC-003: Login fails with invalid email format" classname="auth.spec.js">
<skipped>
</skipped>
</testcase>
<testcase name="User Authentication Flow › TC-004: Login button stays disabled when password is empty" classname="auth.spec.js">
<skipped>
</skipped>
</testcase>
<testcase name="User Authentication Flow › TC-005: Login button stays disabled when email is empty" classname="auth.spec.js">
<skipped>
</skipped>
</testcase>
<testcase name="User Authentication Flow › TC-006: Login button stays disabled with both fields empty" classname="auth.spec.js">
<skipped>
</skipped>
</testcase>
<testcase name="User Authentication Flow › TC-007: User can navigate to sign up from login page" classname="auth.spec.js">
<skipped>
</skipped>
</testcase>
<testcase name="User Authentication Flow › TC-008: User can login with remember me option checked" classname="auth.spec.js">
<skipped>
</skipped>
</testcase>
</testsuite>
<testsuite name="signup.spec.js" timestamp="2026-05-18T17:22:52.510Z" hostname="firefox" tests="7" failures="0" skipped="7" time="0" errors="0">
<testcase name="User Registration Flow › SC-001: User can successfully signup with valid data" classname="signup.spec.js">
<skipped>
</skipped>
</testcase>
<testcase name="User Registration Flow › SC-002: User cannot signup with mismatched passwords" classname="signup.spec.js">
<skipped>
</skipped>
</testcase>
<testcase name="User Registration Flow › SC-003: User cannot signup without accepting terms" classname="signup.spec.js">
<skipped>
</skipped>
</testcase>
<testcase name="User Registration Flow › SC-004: User cannot signup with invalid email format" classname="signup.spec.js">
<skipped>
</skipped>
</testcase>
<testcase name="User Registration Flow › SC-005: User cannot signup with empty first name" classname="signup.spec.js">
<skipped>
</skipped>
</testcase>
<testcase name="User Registration Flow › SC-006: User cannot signup with empty email" classname="signup.spec.js">
<skipped>
</skipped>
</testcase>
<testcase name="User Registration Flow › SC-007: User can navigate to login from signup page" classname="signup.spec.js">
<skipped>
</skipped>
</testcase>
</testsuite>
<testsuite name="auth.spec.js" timestamp="2026-05-18T17:22:52.510Z" hostname="webkit" tests="8" failures="0" skipped="8" time="0" errors="0">
<testcase name="User Authentication Flow › TC-001: Login succeeds with valid credentials" classname="auth.spec.js">
<skipped>
</skipped>
</testcase>
<testcase name="User Authentication Flow › TC-002: Login fails with invalid password" classname="auth.spec.js">
<skipped>
</skipped>
</testcase>
<testcase name="User Authentication Flow › TC-003: Login fails with invalid email format" classname="auth.spec.js">
<skipped>
</skipped>
</testcase>
<testcase name="User Authentication Flow › TC-004: Login button stays disabled when password is empty" classname="auth.spec.js">
<skipped>
</skipped>
</testcase>
<testcase name="User Authentication Flow › TC-005: Login button stays disabled when email is empty" classname="auth.spec.js">
<skipped>
</skipped>
</testcase>
<testcase name="User Authentication Flow › TC-006: Login button stays disabled with both fields empty" classname="auth.spec.js">
<skipped>
</skipped>
</testcase>
<testcase name="User Authentication Flow › TC-007: User can navigate to sign up from login page" classname="auth.spec.js">
<skipped>
</skipped>
</testcase>
<testcase name="User Authentication Flow › TC-008: User can login with remember me option checked" classname="auth.spec.js">
<skipped>
</skipped>
</testcase>
</testsuite>
<testsuite name="signup.spec.js" timestamp="2026-05-18T17:22:52.510Z" hostname="webkit" tests="7" failures="0" skipped="7" time="0" errors="0">
<testcase name="User Registration Flow › SC-001: User can successfully signup with valid data" classname="signup.spec.js">
<skipped>
</skipped>
</testcase>
<testcase name="User Registration Flow › SC-002: User cannot signup with mismatched passwords" classname="signup.spec.js">
<skipped>
</skipped>
</testcase>
<testcase name="User Registration Flow › SC-003: User cannot signup without accepting terms" classname="signup.spec.js">
<skipped>
</skipped>
</testcase>
<testcase name="User Registration Flow › SC-004: User cannot signup with invalid email format" classname="signup.spec.js">
<skipped>
</skipped>
</testcase>
<testcase name="User Registration Flow › SC-005: User cannot signup with empty first name" classname="signup.spec.js">
<skipped>
</skipped>
</testcase>
<testcase name="User Registration Flow › SC-006: User cannot signup with empty email" classname="signup.spec.js">
<skipped>
</skipped>
</testcase>
<testcase name="User Registration Flow › SC-007: User can navigate to login from signup page" classname="signup.spec.js">
<skipped>
</skipped>
</testcase>
</testsuite>
</testsuites>